127.0.0.1 - - [17/Apr/2023:09:30:05 +0000] "GET / HTTP/1.1" 404 681
127.0.0.1 - - [17/Apr/2023:09:30:06 +0000] "GET /WebChat/addMessage?id=3 HTTP/1.1" 500 1475
127.0.0.1 - - [17/Apr/2023:09:30:08 +0000] "GET /WebChat/Login HTTP/1.1" 200 61748
127.0.0.1 - - [17/Apr/2023:09:30:08 +0000] "GET /WebChat/js/jquery.nice-select.min.js HTTP/1.1" 404 725
127.0.0.1 - - [17/Apr/2023:09:30:09 +0000] "GET /WebChat/js/jquery.nice-select.min.js HTTP/1.1" 404 725
127.0.0.1 - - [17/Apr/2023:09:30:09 +0000] "GET /WebChat/images/favicon/apple-touch-icon.png HTTP/1.1" 200 3530
0:0:0:0:0:0:0:1 - - [17/Apr/2023:09:30:16 +0000] "GET /WebChat/Login HTTP/1.1" 200 61748
0:0:0:0:0:0:0:1 - - [17/Apr/2023:09:30:16 +0000] "GET /WebChat/js/jquery.nice-select.min.js HTTP/1.1" 404 725
0:0:0:0:0:0:0:1 - - [17/Apr/2023:09:30:16 +0000] "GET /WebChat/images/favicon/site.webmanifest HTTP/1.1" 304 -
0:0:0:0:0:0:0:1 - - [17/Apr/2023:09:30:16 +0000] "GET /WebChat/images/favicon/favicon.ico HTTP/1.1" 304 -
0:0:0:0:0:0:0:1 - - [17/Apr/2023:09:30:24 +0000] "POST /WebChat/Login HTTP/1.1" 500 1351
0:0:0:0:0:0:0:1 - - [17/Apr/2023:09:30:24 +0000] "GET /favicon.ico HTTP/1.1" 404 692
127.0.0.1 - - [17/Apr/2023:09:30:28 +0000] "POST /WebChat/Login HTTP/1.1" 500 1351
127.0.0.1 - - [17/Apr/2023:09:30:48 +0000] "GET /WebChat/Login HTTP/1.1" 200 61748
127.0.0.1 - - [17/Apr/2023:09:30:48 +0000] "GET /WebChat/js/jquery.nice-select.min.js HTTP/1.1" 404 725
127.0.0.1 - - [17/Apr/2023:09:30:48 +0000] "GET /WebChat/js/jquery.nice-select.min.js HTTP/1.1" 404 725
127.0.0.1 - - [17/Apr/2023:09:30:55 +0000] "POST /WebChat/Login HTTP/1.1" 200 15039
127.0.0.1 - - [17/Apr/2023:09:30:55 +0000] "GET /WebChat/photos/logo.png HTTP/1.1" 304 -
127.0.0.1 - - [17/Apr/2023:09:30:55 +0000] "GET /WebChat/ServerEndPoint3?userID=19 HTTP/1.1" 101 -
0:0:0:0:0:0:0:1 - - [17/Apr/2023:09:30:59 +0000] "GET /WebChat/Login HTTP/1.1" 200 61748
0:0:0:0:0:0:0:1 - - [17/Apr/2023:09:30:59 +0000] "GET /WebChat/js/jquery.nice-select.min.js HTTP/1.1" 404 725
0:0:0:0:0:0:0:1 - - [17/Apr/2023:09:31:03 +0000] "POST /WebChat/Login HTTP/1.1" 200 15039
0:0:0:0:0:0:0:1 - - [17/Apr/2023:09:31:03 +0000] "GET /WebChat/photos/logo.png HTTP/1.1" 304 -
0:0:0:0:0:0:0:1 - - [17/Apr/2023:09:31:03 +0000] "GET /WebChat/ServerEndPoint3?userID=20 HTTP/1.1" 101 -
0:0:0:0:0:0:0:1 - - [17/Apr/2023:09:31:11 +0000] "GET /WebChat/FetchData HTTP/1.1" 200 11140
0:0:0:0:0:0:0:1 - - [17/Apr/2023:09:31:14 +0000] "GET /WebChat/addMessage?id=19 HTTP/1.1" 200 49113
0:0:0:0:0:0:0:1 - - [17/Apr/2023:09:31:14 +0000] "GET /WebChat/photos/kkk.jpeg HTTP/1.1" 304 -
0:0:0:0:0:0:0:1 - - [17/Apr/2023:09:31:14 +0000] "GET /WebChat/ServerEndPoint?userID=20=19 HTTP/1.1" 101 -
127.0.0.1 - - [17/Apr/2023:09:31:20 +0000] "GET /WebChat/FetchData HTTP/1.1" 200 11137
127.0.0.1 - - [17/Apr/2023:09:31:22 +0000] "GET /WebChat/addMessage?id=20 HTTP/1.1" 200 49105
127.0.0.1 - - [17/Apr/2023:09:31:22 +0000] "GET /WebChat/photos/h.jpeg HTTP/1.1" 200 6904
127.0.0.1 - - [17/Apr/2023:09:31:22 +0000] "GET /WebChat/ServerEndPoint?userID=19=20 HTTP/1.1" 101 -
127.0.0.1 - - [17/Apr/2023:09:31:28 +0000] "GET /WebChat/photos/kkk.jpeg HTTP/1.1" 304 -
127.0.0.1 - - [17/Apr/2023:09:31:28 +0000] "POST /WebChat/MsgEncrypt HTTP/1.1" 200 152
0:0:0:0:0:0:0:1 - - [17/Apr/2023:09:31:28 +0000] "POST /WebChat/AjaxCall3 HTTP/1.1" 200 5
0:0:0:0:0:0:0:1 - - [17/Apr/2023:09:31:34 +0000] "POST /WebChat/MsgEncrypt HTTP/1.1" 200 154
0:0:0:0:0:0:0:1 - - [17/Apr/2023:09:31:35 +0000] "GET /WebChat/photos/h.jpeg HTTP/1.1" 304 -
127.0.0.1 - - [17/Apr/2023:09:31:35 +0000] "POST /WebChat/AjaxCall3 HTTP/1.1" 200 7
0:0:0:0:0:0:0:1 - - [17/Apr/2023:09:31:45 +0000] "POST /WebChat/AjaxCall HTTP/1.1" 200 230
127.0.0.1 - - [17/Apr/2023:09:31:45 +0000] "POST /WebChat/AjaxCall3 HTTP/1.1" 200 17
127.0.0.1 - - [17/Apr/2023:09:31:45 +0000] "GET /WebChat/uploads/Xpath.txt HTTP/1.1" 404 714
127.0.0.1 - - [17/Apr/2023:09:32:01 +0000] "POST /WebChat/AjaxCall HTTP/1.1" 200 151
0:0:0:0:0:0:0:1 - - [17/Apr/2023:09:32:01 +0000] "POST /WebChat/AjaxCall3 HTTP/1.1" 200 14
0:0:0:0:0:0:0:1 - - [17/Apr/2023:09:32:02 +0000] "GET /WebChat/uploads/h.jpeg HTTP/1.1" 200 6904
127.0.0.1 - - [17/Apr/2023:09:32:22 +0000] "POST /WebChat/AjaxCall HTTP/1.1" 200 226
0:0:0:0:0:0:0:1 - - [17/Apr/2023:09:32:22 +0000] "POST /WebChat/AjaxCall3 HTTP/1.1" 200 16
0:0:0:0:0:0:0:1 - - [17/Apr/2023:09:32:22 +0000] "GET /WebChat/uploads/roo2.pdf HTTP/1.1" 200 813750
0:0:0:0:0:0:0:1 - - [17/Apr/2023:09:32:38 +0000] "POST /WebChat/AjaxCall HTTP/1.1" 200 232
127.0.0.1 - - [17/Apr/2023:09:32:38 +0000] "POST /WebChat/AjaxCall3 HTTP/1.1" 200 31
127.0.0.1 - - [17/Apr/2023:09:32:38 +0000] "GET /WebChat/uploads/video_JeTRNkW7_Trim.mp4 HTTP/1.1" 206 308116
0:0:0:0:0:0:0:1 - - [17/Apr/2023:09:32:59 +0000] "POST /WebChat/AjaxCall HTTP/1.1" 200 229
127.0.0.1 - - [17/Apr/2023:09:32:59 +0000] "POST /WebChat/AjaxCall3 HTTP/1.1" 200 17
127.0.0.1 - - [17/Apr/2023:09:32:59 +0000] "GET /WebChat/uploads/audio.mp3 HTTP/1.1" 304 -
0:0:0:0:0:0:0:1 - - [17/Apr/2023:09:33:13 +0000] "POST /WebChat/AjaxCall2?id=19&id2=20 HTTP/1.1" 200 -
0:0:0:0:0:0:0:1 - - [17/Apr/2023:09:33:13 +0000] "GET /WebChat/ListeMessages HTTP/1.1" 200 15039
0:0:0:0:0:0:0:1 - - [17/Apr/2023:09:33:14 +0000] "GET /WebChat/ServerEndPoint3?userID=20 HTTP/1.1" 101 -
127.0.0.1 - - [17/Apr/2023:09:33:23 +0000] "POST /WebChat/MsgEncrypt HTTP/1.1" 200 153
0:0:0:0:0:0:0:1 - - [17/Apr/2023:09:33:23 +0000] "POST /WebChat/AjaxCall3 HTTP/1.1" 200 13
127.0.0.1 - - [17/Apr/2023:09:33:38 +0000] "POST /WebChat/MsgEncrypt HTTP/1.1" 200 150
0:0:0:0:0:0:0:1 - - [17/Apr/2023:09:33:38 +0000] "POST /WebChat/AjaxCall3 HTTP/1.1" 200 13
0:0:0:0:0:0:0:1 - - [17/Apr/2023:09:33:43 +0000] "GET /WebChat/Ajouter.jsp HTTP/1.1" 200 9974
0:0:0:0:0:0:0:1 - - [17/Apr/2023:09:33:46 +0000] "GET /WebChat/ListeMessages HTTP/1.1" 200 15665
0:0:0:0:0:0:0:1 - - [17/Apr/2023:09:33:47 +0000] "GET /WebChat/ServerEndPoint3?userID=20 HTTP/1.1" 101 -
0:0:0:0:0:0:0:1 - - [17/Apr/2023:09:33:49 +0000] "GET /WebChat/addMessage?id=19 HTTP/1.1" 200 50364
0:0:0:0:0:0:0:1 - - [17/Apr/2023:09:33:50 +0000] "GET /WebChat/ServerEndPoint?userID=20=19 HTTP/1.1" 101 -
127.0.0.1 - - [17/Apr/2023:09:38:50 +0000] "GET /WebChat/Login HTTP/1.1" 200 61748
127.0.0.1 - - [17/Apr/2023:09:38:50 +0000] "GET /WebChat/js/jquery.nice-select.min.js HTTP/1.1" 404 725
127.0.0.1 - - [17/Apr/2023:09:38:51 +0000] "GET /WebChat/js/jquery.nice-select.min.js HTTP/1.1" 404 725
127.0.0.1 - - [17/Apr/2023:09:38:52 +0000] "POST /WebChat/AjaxCall2?id=20&id2=19 HTTP/1.1" 200 -
127.0.0.1 - - [17/Apr/2023:09:38:55 +0000] "POST /WebChat/Login HTTP/1.1" 200 15039
127.0.0.1 - - [17/Apr/2023:09:38:55 +0000] "GET /WebChat/ServerEndPoint3?userID=19 HTTP/1.1" 101 -
0:0:0:0:0:0:0:1 - - [17/Apr/2023:09:39:00 +0000] "POST /WebChat/AjaxCall2?id=19&id2=20 HTTP/1.1" 200 -
0:0:0:0:0:0:0:1 - - [17/Apr/2023:09:39:00 +0000] "GET /WebChat/Login HTTP/1.1" 200 61748
0:0:0:0:0:0:0:1 - - [17/Apr/2023:09:39:00 +0000] "GET /WebChat/js/jquery.nice-select.min.js HTTP/1.1" 404 725
0:0:0:0:0:0:0:1 - - [17/Apr/2023:09:39:02 +0000] "POST /WebChat/Login HTTP/1.1" 200 15039
0:0:0:0:0:0:0:1 - - [17/Apr/2023:09:39:03 +0000] "GET /WebChat/ServerEndPoint3?userID=20 HTTP/1.1" 101 -
0:0:0:0:0:0:0:1 - - [17/Apr/2023:09:39:06 +0000] "GET /WebChat/FetchData HTTP/1.1" 200 11140
0:0:0:0:0:0:0:1 - - [17/Apr/2023:09:39:11 +0000] "GET /WebChat/addMessage?id=19 HTTP/1.1" 200 49113
0:0:0:0:0:0:0:1 - - [17/Apr/2023:09:39:11 +0000] "GET /WebChat/ServerEndPoint?userID=20=19 HTTP/1.1" 101 -
127.0.0.1 - - [17/Apr/2023:09:39:16 +0000] "GET /WebChat/FetchData HTTP/1.1" 200 11137
127.0.0.1 - - [17/Apr/2023:09:39:18 +0000] "GET /WebChat/addMessage?id=20 HTTP/1.1" 200 49105
127.0.0.1 - - [17/Apr/2023:09:39:19 +0000] "GET /WebChat/ServerEndPoint?userID=19=20 HTTP/1.1" 101 -
127.0.0.1 - - [17/Apr/2023:09:39:26 +0000] "POST /WebChat/MsgEncrypt HTTP/1.1" 200 153
0:0:0:0:0:0:0:1 - - [17/Apr/2023:09:39:26 +0000] "POST /WebChat/AjaxCall3 HTTP/1.1" 200 5
0:0:0:0:0:0:0:1 - - [17/Apr/2023:09:39:34 +0000] "POST /WebChat/AjaxCall2?id=19&id2=20 HTTP/1.1" 200 -
0:0:0:0:0:0:0:1 - - [17/Apr/2023:09:39:34 +0000] "GET /WebChat/FetchData HTTP/1.1" 200 11140
0:0:0:0:0:0:0:1 - - [17/Apr/2023:09:39:37 +0000] "GET /WebChat/ListeMessages HTTP/1.1" 200 15039
0:0:0:0:0:0:0:1 - - [17/Apr/2023:09:39:37 +0000] "GET /WebChat/ServerEndPoint3?userID=20 HTTP/1.1" 101 -
127.0.0.1 - - [17/Apr/2023:09:39:44 +0000] "POST /WebChat/MsgEncrypt HTTP/1.1" 200 151
0:0:0:0:0:0:0:1 - - [17/Apr/2023:09:39:44 +0000] "POST /WebChat/AjaxCall3 HTTP/1.1" 200 2
127.0.0.1 - - [17/Apr/2023:09:39:54 +0000] "POST /WebChat/MsgEncrypt HTTP/1.1" 200 153
0:0:0:0:0:0:0:1 - - [17/Apr/2023:09:39:54 +0000] "POST /WebChat/AjaxCall3 HTTP/1.1" 200 2
0:0:0:0:0:0:0:1 - - [17/Apr/2023:09:40:03 +0000] "GET /WebChat/Ajouter.jsp HTTP/1.1" 200 9974
0:0:0:0:0:0:0:1 - - [17/Apr/2023:09:40:06 +0000] "GET /WebChat/ListeMessages HTTP/1.1" 200 15665
0:0:0:0:0:0:0:1 - - [17/Apr/2023:09:40:06 +0000] "GET /WebChat/ServerEndPoint3?userID=20 HTTP/1.1" 101 -
