127.0.0.1 - - [06/Apr/2023:13:49:50 +0000] "GET / HTTP/1.1" 404 681
127.0.0.1 - - [06/Apr/2023:13:50:22 +0000] "GET /WebChat/Login HTTP/1.1" 200 61748
127.0.0.1 - - [06/Apr/2023:13:50:22 +0000] "GET /WebChat/js/jquery.nice-select.min.js HTTP/1.1" 404 725
127.0.0.1 - - [06/Apr/2023:13:50:23 +0000] "GET /WebChat/js/jquery.nice-select.min.js HTTP/1.1" 404 725
127.0.0.1 - - [06/Apr/2023:13:50:26 +0000] "GET /WebChat/Login HTTP/1.1" 200 61748
127.0.0.1 - - [06/Apr/2023:13:50:27 +0000] "GET /WebChat/js/jquery.nice-select.min.js HTTP/1.1" 404 725
127.0.0.1 - - [06/Apr/2023:13:50:34 +0000] "POST /WebChat/Login HTTP/1.1" 500 1351
127.0.0.1 - - [06/Apr/2023:13:50:34 +0000] "GET /favicon.ico HTTP/1.1" 404 692
127.0.0.1 - - [06/Apr/2023:13:50:58 +0000] "GET /WebChat/Login HTTP/1.1" 200 61748
127.0.0.1 - - [06/Apr/2023:13:50:58 +0000] "GET /WebChat/js/jquery.nice-select.min.js HTTP/1.1" 404 725
127.0.0.1 - - [06/Apr/2023:13:50:58 +0000] "GET /WebChat/js/jquery.nice-select.min.js HTTP/1.1" 404 725
127.0.0.1 - - [06/Apr/2023:13:51:08 +0000] "GET /WebChat/Login HTTP/1.1" 200 61748
127.0.0.1 - - [06/Apr/2023:13:51:08 +0000] "GET /WebChat/js/jquery.nice-select.min.js HTTP/1.1" 404 725
127.0.0.1 - - [06/Apr/2023:13:51:12 +0000] "POST /WebChat/Login HTTP/1.1" 200 14827
0:0:0:0:0:0:0:1 - - [06/Apr/2023:13:51:13 +0000] "GET /WebChat/ServerEndPoint3?userID=2 HTTP/1.1" 101 -
127.0.0.1 - - [06/Apr/2023:13:59:50 +0000] "GET /WebChat/Login HTTP/1.1" 200 61748
127.0.0.1 - - [06/Apr/2023:13:59:50 +0000] "GET /WebChat/js/jquery.nice-select.min.js HTTP/1.1" 404 725
127.0.0.1 - - [06/Apr/2023:13:59:51 +0000] "GET /WebChat/js/jquery.nice-select.min.js HTTP/1.1" 404 725
127.0.0.1 - - [06/Apr/2023:13:59:56 +0000] "POST /WebChat/Login HTTP/1.1" 200 15415
127.0.0.1 - - [06/Apr/2023:13:59:56 +0000] "GET /WebChat/photos/mp.jpeg HTTP/1.1" 200 9191
127.0.0.1 - - [06/Apr/2023:13:59:57 +0000] "GET /WebChat/ServerEndPoint3?userID=2 HTTP/1.1" 101 -
127.0.0.1 - - [06/Apr/2023:14:00:01 +0000] "GET /WebChat/Login HTTP/1.1" 200 61748
127.0.0.1 - - [06/Apr/2023:14:00:01 +0000] "GET /WebChat/js/jquery.nice-select.min.js HTTP/1.1" 404 725
127.0.0.1 - - [06/Apr/2023:14:00:13 +0000] "POST /WebChat/Login HTTP/1.1" 200 14777
0:0:0:0:0:0:0:1 - - [06/Apr/2023:14:00:13 +0000] "GET /WebChat/ServerEndPoint3?userID=3 HTTP/1.1" 101 -
127.0.0.1 - - [06/Apr/2023:14:00:40 +0000] "GET /WebChat/addMessage?id=3 HTTP/1.1" 200 51094
127.0.0.1 - - [06/Apr/2023:14:00:40 +0000] "GET /WebChat/ServerEndPoint?userID=2=3 HTTP/1.1" 101 -
0:0:0:0:0:0:0:1 - - [06/Apr/2023:14:00:46 +0000] "POST /WebChat/AjaxCall3 HTTP/1.1" 500 1378
127.0.0.1 - - [06/Apr/2023:14:03:29 +0000] "GET /WebChat/Login HTTP/1.1" 200 61748
127.0.0.1 - - [06/Apr/2023:14:03:29 +0000] "GET /WebChat/js/jquery.nice-select.min.js HTTP/1.1" 404 725
127.0.0.1 - - [06/Apr/2023:14:03:29 +0000] "GET /WebChat/js/jquery.nice-select.min.js HTTP/1.1" 404 725
127.0.0.1 - - [06/Apr/2023:14:03:31 +0000] "POST /WebChat/AjaxCall2?id=3&id2=2 HTTP/1.1" 200 -
127.0.0.1 - - [06/Apr/2023:14:03:33 +0000] "POST /WebChat/Login HTTP/1.1" 200 14777
127.0.0.1 - - [06/Apr/2023:14:03:34 +0000] "GET /WebChat/ServerEndPoint3?userID=2 HTTP/1.1" 101 -
127.0.0.1 - - [06/Apr/2023:14:03:37 +0000] "GET /WebChat/Login HTTP/1.1" 200 61748
127.0.0.1 - - [06/Apr/2023:14:03:37 +0000] "GET /WebChat/js/jquery.nice-select.min.js HTTP/1.1" 404 725
127.0.0.1 - - [06/Apr/2023:14:03:40 +0000] "POST /WebChat/Login HTTP/1.1" 200 15397
0:0:0:0:0:0:0:1 - - [06/Apr/2023:14:03:40 +0000] "GET /WebChat/ServerEndPoint3?userID=3 HTTP/1.1" 101 -
127.0.0.1 - - [06/Apr/2023:14:03:46 +0000] "GET /WebChat/FetchData HTTP/1.1" 200 11132
127.0.0.1 - - [06/Apr/2023:14:03:49 +0000] "GET /WebChat/addMessage?id=3 HTTP/1.1" 200 48451
127.0.0.1 - - [06/Apr/2023:14:03:49 +0000] "GET /WebChat/ServerEndPoint?userID=2=3 HTTP/1.1" 101 -
0:0:0:0:0:0:0:1 - - [06/Apr/2023:14:03:57 +0000] "POST /WebChat/AjaxCall3 HTTP/1.1" 200 4
127.0.0.1 - - [06/Apr/2023:14:11:14 +0000] "GET /WebChat/Login HTTP/1.1" 200 61748
127.0.0.1 - - [06/Apr/2023:14:11:14 +0000] "POST /WebChat/AjaxCall2?id=3&id2=2 HTTP/1.1" 200 -
127.0.0.1 - - [06/Apr/2023:14:11:14 +0000] "GET /WebChat/js/jquery.nice-select.min.js HTTP/1.1" 404 725
127.0.0.1 - - [06/Apr/2023:14:11:14 +0000] "GET /WebChat/js/jquery.nice-select.min.js HTTP/1.1" 404 725
127.0.0.1 - - [06/Apr/2023:14:11:19 +0000] "POST /WebChat/Login HTTP/1.1" 200 14786
127.0.0.1 - - [06/Apr/2023:14:11:19 +0000] "GET /WebChat/ServerEndPoint3?userID=2 HTTP/1.1" 101 -
127.0.0.1 - - [06/Apr/2023:14:11:23 +0000] "GET /WebChat/Login HTTP/1.1" 200 61748
127.0.0.1 - - [06/Apr/2023:14:11:23 +0000] "GET /WebChat/js/jquery.nice-select.min.js HTTP/1.1" 404 725
127.0.0.1 - - [06/Apr/2023:14:11:26 +0000] "POST /WebChat/Login HTTP/1.1" 200 15417
0:0:0:0:0:0:0:1 - - [06/Apr/2023:14:11:27 +0000] "GET /WebChat/ServerEndPoint3?userID=3 HTTP/1.1" 101 -
127.0.0.1 - - [06/Apr/2023:14:11:31 +0000] "GET /WebChat/FetchData HTTP/1.1" 200 11132
127.0.0.1 - - [06/Apr/2023:14:11:34 +0000] "GET /WebChat/addMessage?id=3 HTTP/1.1" 200 48451
127.0.0.1 - - [06/Apr/2023:14:11:34 +0000] "GET /WebChat/ServerEndPoint?userID=2=3 HTTP/1.1" 101 -
0:0:0:0:0:0:0:1 - - [06/Apr/2023:14:11:40 +0000] "POST /WebChat/AjaxCall3 HTTP/1.1" 200 4
127.0.0.1 - - [06/Apr/2023:14:18:38 +0000] "POST /WebChat/AjaxCall2?id=3&id2=2 HTTP/1.1" 200 -
127.0.0.1 - - [06/Apr/2023:14:18:39 +0000] "GET /WebChat/Login HTTP/1.1" 200 61748
127.0.0.1 - - [06/Apr/2023:14:18:39 +0000] "GET /WebChat/js/jquery.nice-select.min.js HTTP/1.1" 404 725
127.0.0.1 - - [06/Apr/2023:14:18:39 +0000] "GET /WebChat/js/jquery.nice-select.min.js HTTP/1.1" 404 725
127.0.0.1 - - [06/Apr/2023:14:18:50 +0000] "POST /WebChat/Login HTTP/1.1" 200 14932
127.0.0.1 - - [06/Apr/2023:14:18:51 +0000] "GET /WebChat/ServerEndPoint3?userID=2 HTTP/1.1" 101 -
127.0.0.1 - - [06/Apr/2023:14:18:55 +0000] "GET /WebChat/Login HTTP/1.1" 200 61748
127.0.0.1 - - [06/Apr/2023:14:18:56 +0000] "GET /WebChat/js/jquery.nice-select.min.js HTTP/1.1" 404 725
127.0.0.1 - - [06/Apr/2023:14:18:58 +0000] "POST /WebChat/Login HTTP/1.1" 200 15554
0:0:0:0:0:0:0:1 - - [06/Apr/2023:14:18:58 +0000] "GET /WebChat/ServerEndPoint3?userID=3 HTTP/1.1" 101 -
127.0.0.1 - - [06/Apr/2023:14:19:04 +0000] "GET /WebChat/FetchData HTTP/1.1" 200 11132
127.0.0.1 - - [06/Apr/2023:14:19:06 +0000] "GET /WebChat/addMessage?id=3 HTTP/1.1" 200 48451
127.0.0.1 - - [06/Apr/2023:14:19:07 +0000] "GET /WebChat/ServerEndPoint?userID=2=3 HTTP/1.1" 101 -
0:0:0:0:0:0:0:1 - - [06/Apr/2023:14:19:13 +0000] "POST /WebChat/AjaxCall3 HTTP/1.1" 200 24
127.0.0.1 - - [06/Apr/2023:14:19:44 +0000] "GET /WebChat/addMessage?id=2 HTTP/1.1" 200 50986
0:0:0:0:0:0:0:1 - - [06/Apr/2023:14:19:45 +0000] "GET /WebChat/ServerEndPoint?userID=3=2 HTTP/1.1" 101 -
127.0.0.1 - - [06/Apr/2023:15:03:42 +0000] "GET /WebChat/Login HTTP/1.1" 200 61748
127.0.0.1 - - [06/Apr/2023:15:03:42 +0000] "GET /WebChat/js/jquery.nice-select.min.js HTTP/1.1" 404 725
127.0.0.1 - - [06/Apr/2023:15:03:42 +0000] "GET /WebChat/js/jquery.nice-select.min.js HTTP/1.1" 404 725
127.0.0.1 - - [06/Apr/2023:15:03:44 +0000] "POST /WebChat/AjaxCall2?id=3&id2=2 HTTP/1.1" 200 -
127.0.0.1 - - [06/Apr/2023:15:06:25 +0000] "GET /WebChat/Login HTTP/1.1" 200 61748
127.0.0.1 - - [06/Apr/2023:15:06:26 +0000] "GET /WebChat/js/jquery.nice-select.min.js HTTP/1.1" 404 725
127.0.0.1 - - [06/Apr/2023:15:06:26 +0000] "GET /WebChat/js/jquery.nice-select.min.js HTTP/1.1" 404 725
127.0.0.1 - - [06/Apr/2023:15:06:34 +0000] "GET /WebChat/Login HTTP/1.1" 200 61748
127.0.0.1 - - [06/Apr/2023:15:06:34 +0000] "GET /WebChat/js/jquery.nice-select.min.js HTTP/1.1" 404 725
0:0:0:0:0:0:0:1 - - [06/Apr/2023:15:06:35 +0000] "POST /WebChat/AjaxCall2?id=2&id2=3 HTTP/1.1" 200 -
127.0.0.1 - - [06/Apr/2023:15:06:37 +0000] "POST /WebChat/Login HTTP/1.1" 200 14932
0:0:0:0:0:0:0:1 - - [06/Apr/2023:15:06:37 +0000] "GET /WebChat/ServerEndPoint3?userID=3 HTTP/1.1" 101 -
127.0.0.1 - - [06/Apr/2023:15:06:43 +0000] "POST /WebChat/Login HTTP/1.1" 200 14932
127.0.0.1 - - [06/Apr/2023:15:06:44 +0000] "GET /WebChat/ServerEndPoint3?userID=2 HTTP/1.1" 101 -
127.0.0.1 - - [06/Apr/2023:15:06:47 +0000] "GET /WebChat/FetchData HTTP/1.1" 200 11132
127.0.0.1 - - [06/Apr/2023:15:06:50 +0000] "GET /WebChat/addMessage?id=3 HTTP/1.1" 200 48608
127.0.0.1 - - [06/Apr/2023:15:06:50 +0000] "GET /WebChat/ServerEndPoint?userID=2=3 HTTP/1.1" 101 -
127.0.0.1 - - [06/Apr/2023:15:08:42 +0000] "GET /WebChat/Login HTTP/1.1" 200 61748
127.0.0.1 - - [06/Apr/2023:15:08:42 +0000] "POST /WebChat/AjaxCall2?id=3&id2=2 HTTP/1.1" 200 -
127.0.0.1 - - [06/Apr/2023:15:08:42 +0000] "GET /WebChat/js/jquery.nice-select.min.js HTTP/1.1" 404 725
127.0.0.1 - - [06/Apr/2023:15:08:42 +0000] "GET /WebChat/js/jquery.nice-select.min.js HTTP/1.1" 404 725
127.0.0.1 - - [06/Apr/2023:15:08:46 +0000] "GET /WebChat/Login HTTP/1.1" 200 61748
127.0.0.1 - - [06/Apr/2023:15:08:46 +0000] "GET /WebChat/js/jquery.nice-select.min.js HTTP/1.1" 404 725
127.0.0.1 - - [06/Apr/2023:15:08:49 +0000] "POST /WebChat/Login HTTP/1.1" 200 14932
0:0:0:0:0:0:0:1 - - [06/Apr/2023:15:08:50 +0000] "GET /WebChat/ServerEndPoint3?userID=3 HTTP/1.1" 101 -
127.0.0.1 - - [06/Apr/2023:15:08:54 +0000] "POST /WebChat/Login HTTP/1.1" 200 14932
127.0.0.1 - - [06/Apr/2023:15:08:54 +0000] "GET /WebChat/ServerEndPoint3?userID=2 HTTP/1.1" 101 -
127.0.0.1 - - [06/Apr/2023:15:08:57 +0000] "GET /WebChat/FetchData HTTP/1.1" 200 11132
127.0.0.1 - - [06/Apr/2023:15:09:00 +0000] "GET /WebChat/addMessage?id=3 HTTP/1.1" 200 48596
127.0.0.1 - - [06/Apr/2023:15:09:01 +0000] "GET /WebChat/ServerEndPoint?userID=2=3 HTTP/1.1" 101 -
127.0.0.1 - - [06/Apr/2023:15:09:07 +0000] "POST /WebChat/MsgEncrypt HTTP/1.1" 200 24
0:0:0:0:0:0:0:1 - - [06/Apr/2023:15:09:08 +0000] "POST /WebChat/AjaxCall3 HTTP/1.1" 200 2
127.0.0.1 - - [06/Apr/2023:15:10:47 +0000] "POST /WebChat/AjaxCall HTTP/1.1" 200 -
0:0:0:0:0:0:0:1 - - [06/Apr/2023:15:10:47 +0000] "POST /WebChat/AjaxCall3 HTTP/1.1" 200 -
127.0.0.1 - - [06/Apr/2023:15:13:43 +0000] "GET /WebChat/Login HTTP/1.1" 200 61748
127.0.0.1 - - [06/Apr/2023:15:13:43 +0000] "GET /WebChat/js/jquery.nice-select.min.js HTTP/1.1" 404 725
127.0.0.1 - - [06/Apr/2023:15:13:44 +0000] "GET /WebChat/js/jquery.nice-select.min.js HTTP/1.1" 404 725
127.0.0.1 - - [06/Apr/2023:15:13:45 +0000] "POST /WebChat/AjaxCall2?id=3&id2=2 HTTP/1.1" 200 -
127.0.0.1 - - [06/Apr/2023:15:13:48 +0000] "GET /WebChat/Login HTTP/1.1" 200 61748
127.0.0.1 - - [06/Apr/2023:15:13:49 +0000] "GET /WebChat/js/jquery.nice-select.min.js HTTP/1.1" 404 725
127.0.0.1 - - [06/Apr/2023:15:13:53 +0000] "POST /WebChat/Login HTTP/1.1" 200 15550
0:0:0:0:0:0:0:1 - - [06/Apr/2023:15:13:55 +0000] "GET /WebChat/ServerEndPoint3?userID=3 HTTP/1.1" 101 -
127.0.0.1 - - [06/Apr/2023:15:13:58 +0000] "POST /WebChat/Login HTTP/1.1" 200 14932
127.0.0.1 - - [06/Apr/2023:15:13:59 +0000] "GET /WebChat/ServerEndPoint3?userID=2 HTTP/1.1" 101 -
127.0.0.1 - - [06/Apr/2023:15:14:04 +0000] "GET /WebChat/addMessage?id=2 HTTP/1.1" 200 49797
0:0:0:0:0:0:0:1 - - [06/Apr/2023:15:14:05 +0000] "GET /WebChat/ServerEndPoint?userID=3=2 HTTP/1.1" 101 -
0:0:0:0:0:0:0:1 - - [06/Apr/2023:15:14:34 +0000] "POST /WebChat/AjaxCall HTTP/1.1" 200 44
127.0.0.1 - - [06/Apr/2023:15:14:34 +0000] "POST /WebChat/AjaxCall3 HTTP/1.1" 200 16
127.0.0.1 - - [06/Apr/2023:15:25:07 +0000] "GET /WebChat/Login HTTP/1.1" 200 61748
127.0.0.1 - - [06/Apr/2023:15:25:07 +0000] "GET /WebChat/js/jquery.nice-select.min.js HTTP/1.1" 404 725
127.0.0.1 - - [06/Apr/2023:15:25:07 +0000] "GET /WebChat/js/jquery.nice-select.min.js HTTP/1.1" 404 725
127.0.0.1 - - [06/Apr/2023:15:25:17 +0000] "GET /WebChat/Login HTTP/1.1" 200 61748
127.0.0.1 - - [06/Apr/2023:15:25:17 +0000] "GET /WebChat/js/jquery.nice-select.min.js HTTP/1.1" 404 725
0:0:0:0:0:0:0:1 - - [06/Apr/2023:15:25:18 +0000] "POST /WebChat/AjaxCall2?id=2&id2=3 HTTP/1.1" 200 -
127.0.0.1 - - [06/Apr/2023:15:25:19 +0000] "POST /WebChat/Login HTTP/1.1" 200 14932
0:0:0:0:0:0:0:1 - - [06/Apr/2023:15:25:20 +0000] "GET /WebChat/ServerEndPoint3?userID=3 HTTP/1.1" 101 -
127.0.0.1 - - [06/Apr/2023:15:25:27 +0000] "POST /WebChat/Login HTTP/1.1" 200 15567
127.0.0.1 - - [06/Apr/2023:15:25:27 +0000] "GET /WebChat/ServerEndPoint3?userID=2 HTTP/1.1" 101 -
127.0.0.1 - - [06/Apr/2023:15:25:32 +0000] "GET /WebChat/addMessage?id=3 HTTP/1.1" 200 49729
127.0.0.1 - - [06/Apr/2023:15:25:32 +0000] "GET /WebChat/uploads/roo2.pdf HTTP/1.1" 200 813750
127.0.0.1 - - [06/Apr/2023:15:25:32 +0000] "GET /WebChat/ServerEndPoint?userID=2=3 HTTP/1.1" 101 -
127.0.0.1 - - [06/Apr/2023:15:25:47 +0000] "POST /WebChat/MsgEncrypt HTTP/1.1" 200 24
0:0:0:0:0:0:0:1 - - [06/Apr/2023:15:25:47 +0000] "POST /WebChat/AjaxCall3 HTTP/1.1" 200 2
127.0.0.1 - - [06/Apr/2023:15:26:00 +0000] "POST /WebChat/MsgEncrypt HTTP/1.1" 200 24
0:0:0:0:0:0:0:1 - - [06/Apr/2023:15:26:00 +0000] "POST /WebChat/AjaxCall3 HTTP/1.1" 200 5
127.0.0.1 - - [06/Apr/2023:15:26:20 +0000] "POST /WebChat/AjaxCall HTTP/1.1" 200 44
0:0:0:0:0:0:0:1 - - [06/Apr/2023:15:26:20 +0000] "POST /WebChat/AjaxCall3 HTTP/1.1" 200 18
127.0.0.1 - - [06/Apr/2023:15:26:54 +0000] "GET /WebChat/Ajouter.jsp HTTP/1.1" 200 9979
127.0.0.1 - - [06/Apr/2023:15:26:56 +0000] "GET /WebChat/ListeMessages HTTP/1.1" 200 15568
0:0:0:0:0:0:0:1 - - [06/Apr/2023:15:26:56 +0000] "GET /WebChat/ServerEndPoint3?userID=3 HTTP/1.1" 101 -
127.0.0.1 - - [06/Apr/2023:15:26:58 +0000] "GET /WebChat/addMessage?id=2 HTTP/1.1" 200 50934
127.0.0.1 - - [06/Apr/2023:15:26:58 +0000] "GET /WebChat/uploads/images.png HTTP/1.1" 404 715
0:0:0:0:0:0:0:1 - - [06/Apr/2023:15:26:58 +0000] "GET /WebChat/ServerEndPoint?userID=3=2 HTTP/1.1" 101 -
0:0:0:0:0:0:0:1 - - [06/Apr/2023:15:44:38 +0000] "POST /WebChat/AjaxCall HTTP/1.1" 200 24
127.0.0.1 - - [06/Apr/2023:15:44:38 +0000] "POST /WebChat/AjaxCall3 HTTP/1.1" 200 14
127.0.0.1 - - [06/Apr/2023:15:44:38 +0000] "GET /WebChat/uploads/h.jpeg HTTP/1.1" 200 6904
0:0:0:0:0:0:0:1 - - [06/Apr/2023:15:45:11 +0000] "POST /WebChat/AjaxCall HTTP/1.1" 200 44
127.0.0.1 - - [06/Apr/2023:15:45:11 +0000] "POST /WebChat/AjaxCall3 HTTP/1.1" 200 16
127.0.0.1 - - [06/Apr/2023:15:45:11 +0000] "GET /WebChat/uploads/imag.jpg HTTP/1.1" 404 713
0:0:0:0:0:0:0:1 - - [06/Apr/2023:15:48:02 +0000] "POST /WebChat/AjaxCall HTTP/1.1" 200 -
127.0.0.1 - - [06/Apr/2023:15:48:02 +0000] "POST /WebChat/AjaxCall3 HTTP/1.1" 200 -
127.0.0.1 - - [06/Apr/2023:15:50:55 +0000] "POST /WebChat/AjaxCall2?id=3&id2=2 HTTP/1.1" 200 -
127.0.0.1 - - [06/Apr/2023:15:50:55 +0000] "GET /WebChat/Login HTTP/1.1" 200 61748
127.0.0.1 - - [06/Apr/2023:15:50:55 +0000] "GET /WebChat/js/jquery.nice-select.min.js HTTP/1.1" 404 725
127.0.0.1 - - [06/Apr/2023:15:50:55 +0000] "GET /WebChat/js/jquery.nice-select.min.js HTTP/1.1" 404 725
127.0.0.1 - - [06/Apr/2023:15:51:13 +0000] "GET / HTTP/1.1" 404 681
127.0.0.1 - - [06/Apr/2023:15:51:19 +0000] "GET /WebChat/Login HTTP/1.1" 200 61748
127.0.0.1 - - [06/Apr/2023:15:51:19 +0000] "GET /WebChat/js/jquery.nice-select.min.js HTTP/1.1" 404 725
0:0:0:0:0:0:0:1 - - [06/Apr/2023:15:51:20 +0000] "POST /WebChat/AjaxCall2?id=2&id2=3 HTTP/1.1" 200 -
127.0.0.1 - - [06/Apr/2023:15:51:22 +0000] "POST /WebChat/Login HTTP/1.1" 200 14932
0:0:0:0:0:0:0:1 - - [06/Apr/2023:15:51:23 +0000] "GET /WebChat/ServerEndPoint3?userID=3 HTTP/1.1" 101 -
127.0.0.1 - - [06/Apr/2023:15:51:27 +0000] "POST /WebChat/Login HTTP/1.1" 200 14932
127.0.0.1 - - [06/Apr/2023:15:51:28 +0000] "GET /WebChat/ServerEndPoint3?userID=2 HTTP/1.1" 101 -
127.0.0.1 - - [06/Apr/2023:15:51:50 +0000] "GET /WebChat/FetchData HTTP/1.1" 200 11132
127.0.0.1 - - [06/Apr/2023:15:51:52 +0000] "GET /WebChat/addMessage?id=3 HTTP/1.1" 200 49112
127.0.0.1 - - [06/Apr/2023:15:51:52 +0000] "GET /WebChat/ServerEndPoint?userID=2=3 HTTP/1.1" 101 -
127.0.0.1 - - [06/Apr/2023:15:52:05 +0000] "POST /WebChat/MsgEncrypt HTTP/1.1" 200 24
0:0:0:0:0:0:0:1 - - [06/Apr/2023:15:52:05 +0000] "POST /WebChat/AjaxCall3 HTTP/1.1" 200 2
127.0.0.1 - - [06/Apr/2023:15:52:19 +0000] "GET /WebChat/Ajouter.jsp HTTP/1.1" 200 9979
127.0.0.1 - - [06/Apr/2023:15:52:22 +0000] "GET /WebChat/ListeMessages HTTP/1.1" 200 15552
0:0:0:0:0:0:0:1 - - [06/Apr/2023:15:52:23 +0000] "GET /WebChat/ServerEndPoint3?userID=3 HTTP/1.1" 101 -
127.0.0.1 - - [06/Apr/2023:15:52:24 +0000] "GET /WebChat/addMessage?id=2 HTTP/1.1" 200 49742
0:0:0:0:0:0:0:1 - - [06/Apr/2023:15:52:24 +0000] "GET /WebChat/ServerEndPoint?userID=3=2 HTTP/1.1" 101 -
127.0.0.1 - - [06/Apr/2023:15:52:42 +0000] "POST /WebChat/AjaxCall HTTP/1.1" 200 44
0:0:0:0:0:0:0:1 - - [06/Apr/2023:15:52:42 +0000] "POST /WebChat/AjaxCall3 HTTP/1.1" 200 17
127.0.0.1 - - [06/Apr/2023:15:52:43 +0000] "GET /WebChat/uploads/imag.jpeg HTTP/1.1" 404 714
127.0.0.1 - - [06/Apr/2023:15:52:52 +0000] "GET /WebChat/photos/logo.png HTTP/1.1" 200 2116390
127.0.0.1 - - [06/Apr/2023:16:01:01 +0000] "POST /WebChat/AjaxCall HTTP/1.1" 200 24
0:0:0:0:0:0:0:1 - - [06/Apr/2023:16:01:01 +0000] "POST /WebChat/AjaxCall3 HTTP/1.1" 200 14
127.0.0.1 - - [06/Apr/2023:16:01:01 +0000] "GET /WebChat/uploads/h.jpeg HTTP/1.1" 200 6904
127.0.0.1 - - [06/Apr/2023:16:02:00 +0000] "POST /WebChat/AjaxCall HTTP/1.1" 200 44
0:0:0:0:0:0:0:1 - - [06/Apr/2023:16:02:00 +0000] "POST /WebChat/AjaxCall3 HTTP/1.1" 200 19
127.0.0.1 - - [06/Apr/2023:16:02:00 +0000] "GET /WebChat/uploads/images.jpeg HTTP/1.1" 404 716
127.0.0.1 - - [06/Apr/2023:16:04:29 +0000] "POST /WebChat/AjaxCall HTTP/1.1" 200 64
0:0:0:0:0:0:0:1 - - [06/Apr/2023:16:04:29 +0000] "POST /WebChat/AjaxCall3 HTTP/1.1" 200 32
127.0.0.1 - - [06/Apr/2023:16:04:29 +0000] "GET /WebChat/uploads/image_1680797069281.jpeg HTTP/1.1" 404 729
127.0.0.1 - - [06/Apr/2023:16:10:11 +0000] "GET /WebChat/uploads/images.jpeg HTTP/1.1" 404 716
127.0.0.1 - - [06/Apr/2023:16:12:01 +0000] "POST /WebChat/AjaxCall HTTP/1.1" 200 24
0:0:0:0:0:0:0:1 - - [06/Apr/2023:16:12:01 +0000] "POST /WebChat/AjaxCall3 HTTP/1.1" 200 15
127.0.0.1 - - [06/Apr/2023:16:12:01 +0000] "GET /WebChat/uploads/mk.jpeg HTTP/1.1" 200 6597
0:0:0:0:0:0:0:1 - - [06/Apr/2023:16:12:50 +0000] "POST /WebChat/AjaxCall HTTP/1.1" 200 44
127.0.0.1 - - [06/Apr/2023:16:12:50 +0000] "POST /WebChat/AjaxCall3 HTTP/1.1" 200 17
127.0.0.1 - - [06/Apr/2023:16:12:50 +0000] "GET /WebChat/uploads/audio.mp3 HTTP/1.1" 206 4021540
127.0.0.1 - - [06/Apr/2023:16:13:08 +0000] "POST /WebChat/AjaxCall HTTP/1.1" 200 44
0:0:0:0:0:0:0:1 - - [06/Apr/2023:16:13:08 +0000] "POST /WebChat/AjaxCall3 HTTP/1.1" 200 17
127.0.0.1 - - [06/Apr/2023:16:13:08 +0000] "GET /WebChat/uploads/audio.mp3 HTTP/1.1" 206 4021540
0:0:0:0:0:0:0:1 - - [06/Apr/2023:16:13:37 +0000] "POST /WebChat/AjaxCall HTTP/1.1" 200 -
127.0.0.1 - - [06/Apr/2023:16:13:37 +0000] "POST /WebChat/AjaxCall3 HTTP/1.1" 200 -
127.0.0.1 - - [06/Apr/2023:16:13:53 +0000] "POST /WebChat/AjaxCall HTTP/1.1" 200 44
0:0:0:0:0:0:0:1 - - [06/Apr/2023:16:13:53 +0000] "POST /WebChat/AjaxCall3 HTTP/1.1" 200 31
127.0.0.1 - - [06/Apr/2023:16:13:53 +0000] "GET /WebChat/uploads/video_JeTRNkW7_Trim.mp4 HTTP/1.1" 206 308116
127.0.0.1 - - [06/Apr/2023:16:21:23 +0000] "POST /WebChat/AjaxCall2?id=3&id2=2 HTTP/1.1" 200 -
127.0.0.1 - - [06/Apr/2023:16:21:25 +0000] "GET /WebChat/Show HTTP/1.1" 500 3174
127.0.0.1 - - [06/Apr/2023:16:21:45 +0000] "GET /WebChat/ServerEndPoint?userID=2=3 HTTP/1.1" 101 -
127.0.0.1 - - [06/Apr/2023:16:21:48 +0000] "POST /WebChat/AjaxCall2?id=3&id2=2 HTTP/1.1" 200 -
127.0.0.1 - - [06/Apr/2023:16:21:48 +0000] "GET /WebChat/FetchData HTTP/1.1" 500 1466
127.0.0.1 - - [06/Apr/2023:16:21:54 +0000] "GET /WebChat/Login HTTP/1.1" 200 61748
127.0.0.1 - - [06/Apr/2023:16:21:54 +0000] "GET /WebChat/js/jquery.nice-select.min.js HTTP/1.1" 404 725
127.0.0.1 - - [06/Apr/2023:16:21:54 +0000] "GET /WebChat/js/jquery.nice-select.min.js HTTP/1.1" 404 725
127.0.0.1 - - [06/Apr/2023:16:22:06 +0000] "GET /WebChat/Login HTTP/1.1" 200 61748
127.0.0.1 - - [06/Apr/2023:16:22:06 +0000] "GET /WebChat/js/jquery.nice-select.min.js HTTP/1.1" 404 725
127.0.0.1 - - [06/Apr/2023:16:22:06 +0000] "GET /WebChat/js/jquery.nice-select.min.js HTTP/1.1" 404 725
127.0.0.1 - - [06/Apr/2023:16:22:09 +0000] "GET /WebChat/UserI HTTP/1.1" 200 58906
127.0.0.1 - - [06/Apr/2023:16:22:09 +0000] "GET /WebChat/js/jquery.nice-select.min.js HTTP/1.1" 404 725
127.0.0.1 - - [06/Apr/2023:16:22:09 +0000] "GET /WebChat/js/jquery.nice-select.min.js HTTP/1.1" 404 725
127.0.0.1 - - [06/Apr/2023:16:23:00 +0000] "POST /WebChat/UserI HTTP/1.1" 500 1455
127.0.0.1 - - [06/Apr/2023:16:24:58 +0000] "GET / HTTP/1.1" 404 681
127.0.0.1 - - [06/Apr/2023:16:24:59 +0000] "GET /WebChat/UserI HTTP/1.1" 200 58906
127.0.0.1 - - [06/Apr/2023:16:24:59 +0000] "GET /WebChat/js/jquery.nice-select.min.js HTTP/1.1" 404 725
127.0.0.1 - - [06/Apr/2023:16:24:59 +0000] "GET /WebChat/js/jquery.nice-select.min.js HTTP/1.1" 404 725
127.0.0.1 - - [06/Apr/2023:16:25:57 +0000] "POST /WebChat/UserI HTTP/1.1" 200 61748
127.0.0.1 - - [06/Apr/2023:16:25:57 +0000] "GET /WebChat/js/jquery.nice-select.min.js HTTP/1.1" 404 725
127.0.0.1 - - [06/Apr/2023:16:25:57 +0000] "GET /WebChat/js/jquery.nice-select.min.js HTTP/1.1" 404 725
127.0.0.1 - - [06/Apr/2023:16:26:33 +0000] "POST /WebChat/Login HTTP/1.1" 500 1846
127.0.0.1 - - [06/Apr/2023:16:29:27 +0000] "GET /WebChat/Login HTTP/1.1" 200 61748
127.0.0.1 - - [06/Apr/2023:16:29:27 +0000] "GET /WebChat/js/jquery.nice-select.min.js HTTP/1.1" 404 725
127.0.0.1 - - [06/Apr/2023:16:29:27 +0000] "GET /WebChat/js/jquery.nice-select.min.js HTTP/1.1" 404 725
127.0.0.1 - - [06/Apr/2023:16:29:39 +0000] "POST /WebChat/Login HTTP/1.1" 500 1846
127.0.0.1 - - [06/Apr/2023:16:29:50 +0000] "GET /WebChat/Login HTTP/1.1" 200 61748
127.0.0.1 - - [06/Apr/2023:16:29:55 +0000] "POST /WebChat/Login HTTP/1.1" 500 1846
127.0.0.1 - - [06/Apr/2023:16:32:48 +0000] "GET /WebChat/UserI HTTP/1.1" 200 58906
127.0.0.1 - - [06/Apr/2023:16:32:48 +0000] "GET /WebChat/js/jquery.nice-select.min.js HTTP/1.1" 404 725
127.0.0.1 - - [06/Apr/2023:16:32:48 +0000] "GET /WebChat/js/jquery.nice-select.min.js HTTP/1.1" 404 725
127.0.0.1 - - [06/Apr/2023:16:33:31 +0000] "POST /WebChat/UserI HTTP/1.1" 200 61748
127.0.0.1 - - [06/Apr/2023:16:33:32 +0000] "GET /WebChat/js/jquery.nice-select.min.js HTTP/1.1" 404 725
127.0.0.1 - - [06/Apr/2023:16:33:32 +0000] "GET /WebChat/js/jquery.nice-select.min.js HTTP/1.1" 404 725
127.0.0.1 - - [06/Apr/2023:16:34:03 +0000] "POST /WebChat/Login HTTP/1.1" 200 14933
127.0.0.1 - - [06/Apr/2023:16:34:04 +0000] "GET /WebChat/ServerEndPoint3?userID=19 HTTP/1.1" 101 -
127.0.0.1 - - [06/Apr/2023:16:34:23 +0000] "GET /WebChat/Login HTTP/1.1" 200 61748
127.0.0.1 - - [06/Apr/2023:16:34:23 +0000] "GET /WebChat/js/jquery.nice-select.min.js HTTP/1.1" 404 725
127.0.0.1 - - [06/Apr/2023:16:34:23 +0000] "GET /WebChat/js/jquery.nice-select.min.js HTTP/1.1" 404 725
127.0.0.1 - - [06/Apr/2023:16:35:27 +0000] "POST /WebChat/Login HTTP/1.1" 500 1846
127.0.0.1 - - [06/Apr/2023:16:36:14 +0000] "GET /WebChat/Login HTTP/1.1" 200 61748
127.0.0.1 - - [06/Apr/2023:16:36:14 +0000] "GET /WebChat/js/jquery.nice-select.min.js HTTP/1.1" 404 725
127.0.0.1 - - [06/Apr/2023:16:36:14 +0000] "GET /WebChat/js/jquery.nice-select.min.js HTTP/1.1" 404 725
127.0.0.1 - - [06/Apr/2023:16:36:25 +0000] "POST /WebChat/Login HTTP/1.1" 200 61794
127.0.0.1 - - [06/Apr/2023:16:36:25 +0000] "GET /WebChat/js/jquery.nice-select.min.js HTTP/1.1" 404 725
127.0.0.1 - - [06/Apr/2023:16:36:25 +0000] "GET /WebChat/js/jquery.nice-select.min.js HTTP/1.1" 404 725
127.0.0.1 - - [06/Apr/2023:16:36:40 +0000] "POST /WebChat/Login HTTP/1.1" 500 2000
127.0.0.1 - - [06/Apr/2023:16:37:37 +0000] "GET /WebChat/Login HTTP/1.1" 200 61748
127.0.0.1 - - [06/Apr/2023:16:37:37 +0000] "GET /WebChat/js/jquery.nice-select.min.js HTTP/1.1" 404 725
127.0.0.1 - - [06/Apr/2023:16:37:38 +0000] "GET /WebChat/js/jquery.nice-select.min.js HTTP/1.1" 404 725
127.0.0.1 - - [06/Apr/2023:16:37:54 +0000] "POST /WebChat/Login HTTP/1.1" 200 61795
127.0.0.1 - - [06/Apr/2023:16:37:54 +0000] "GET /WebChat/js/jquery.nice-select.min.js HTTP/1.1" 404 725
127.0.0.1 - - [06/Apr/2023:16:37:54 +0000] "GET /WebChat/js/jquery.nice-select.min.js HTTP/1.1" 404 725
127.0.0.1 - - [06/Apr/2023:16:39:05 +0000] "POST /WebChat/Login HTTP/1.1" 200 14933
127.0.0.1 - - [06/Apr/2023:16:39:06 +0000] "GET /WebChat/ServerEndPoint3?userID=19 HTTP/1.1" 101 -
127.0.0.1 - - [06/Apr/2023:16:39:20 +0000] "GET /WebChat/FetchData HTTP/1.1" 200 10218
127.0.0.1 - - [06/Apr/2023:16:41:58 +0000] "GET /WebChat/Show HTTP/1.1" 200 10880
127.0.0.1 - - [06/Apr/2023:16:41:58 +0000] "GET /WebChat/photos/kkk.jpeg HTTP/1.1" 200 8997
127.0.0.1 - - [06/Apr/2023:16:41:58 +0000] "GET /WebChat/images/city.jpg HTTP/1.1" 200 62267
127.0.0.1 - - [06/Apr/2023:16:42:03 +0000] "GET /WebChat/Update HTTP/1.1" 200 28662
127.0.0.1 - - [06/Apr/2023:16:42:51 +0000] "POST /WebChat/Update HTTP/1.1" 200 10883
127.0.0.1 - - [06/Apr/2023:16:42:52 +0000] "GET /WebChat/photos/kkk.jpeg HTTP/1.1" 304 -
127.0.0.1 - - [06/Apr/2023:16:43:03 +0000] "GET /WebChat/Login HTTP/1.1" 200 61748
127.0.0.1 - - [06/Apr/2023:16:43:03 +0000] "GET /WebChat/js/jquery.nice-select.min.js HTTP/1.1" 404 725
127.0.0.1 - - [06/Apr/2023:16:43:03 +0000] "GET /WebChat/js/jquery.nice-select.min.js HTTP/1.1" 404 725
127.0.0.1 - - [06/Apr/2023:16:43:31 +0000] "POST /WebChat/Login HTTP/1.1" 200 61794
127.0.0.1 - - [06/Apr/2023:16:43:31 +0000] "GET /WebChat/js/jquery.nice-select.min.js HTTP/1.1" 404 725
127.0.0.1 - - [06/Apr/2023:16:43:32 +0000] "GET /WebChat/js/jquery.nice-select.min.js HTTP/1.1" 404 725
127.0.0.1 - - [06/Apr/2023:16:44:08 +0000] "POST /WebChat/Login HTTP/1.1" 200 14933
127.0.0.1 - - [06/Apr/2023:16:44:09 +0000] "GET /WebChat/ServerEndPoint3?userID=19 HTTP/1.1" 101 -
